Running Gradle task 'assembleDebug'...                          
Running Gradle task 'assembleDebug'...                             14.8s
